<html>
<body>
<pre>
<h1>µVision Build Log</h1>
<h2>Tool Versions:</h2>
IDE-Version: µVision V5.22.0.0
Copyright (C) 2016 ARM Ltd and ARM Germany GmbH. All rights reserved.
License Information: Septian Bagus, pens, LIC=RC963-A0T3L-DYNV3-A28N3-WEZBR-BRHX8
 
Tool Versions:
Toolchain:       MDK-ARM Plus  Version: 5.22
Toolchain Path:  C:\Keil_v5\ARM\ARMCC\Bin
C Compiler:      Armcc.exe V5.06 update 4 (build 422)
Assembler:       Armasm.exe V5.06 update 4 (build 422)
Linker/Locator:  ArmLink.exe V5.06 update 4 (build 422)
Library Manager: ArmAr.exe V5.06 update 4 (build 422)
Hex Converter:   FromElf.exe V5.06 update 4 (build 422)
CPU DLL:         SARMCM3.DLL V5.22
Dialog DLL:      DCM.DLL V1.13.9.0
Target DLL:      STLink\ST-LINKIII-KEIL_SWO.dll V2.0.18.0
Dialog DLL:      TCM.DLL V1.21.0.0
 
<h2>Project:</h2>
C:\Users\Lenovo\Documents\Kuliah\KRI\BTN_CHECKER\MDK-ARM\BTN_CHECKER.uvprojx
Project File Date:  01/12/2023

<h2>Output:</h2>
*** Using Compiler 'V5.06 update 4 (build 422)', folder: 'C:\Keil_v5\ARM\ARMCC\Bin'
Build target 'BTN_CHECKER'
compiling ssd1306.c...
"no source": Error:  #5: cannot open source input file "D:\ssd1306.c": No such file or directory
D:\ssd1306.c: 0 warnings, 1 error
compiling fonts.c...
"no source": Error:  #5: cannot open source input file "D:\fonts.c": No such file or directory
D:\fonts.c: 0 warnings, 1 error
compiling main.c...
C:\Users\Lenovo\Documents\Kuliah\KRI\BTN_CHECKER\MDK-ARM\RTE\_BTN_CHECKER\ssd1306.h(238): warning:  #1295-D: Deprecated declaration ssd1306_I2C_Init - give arg types
  void ssd1306_I2C_Init();
../Core/Src/main.c(158): warning:  #188-D: enumerated type mixed with another type
    SSD1306_Puts ("BTN", &Font_11x18, 1);
../Core/Src/main.c(160): warning:  #188-D: enumerated type mixed with another type
    SSD1306_Puts ("CHECKER", &Font_11x18, 1);
../Core/Src/main.c(169): warning:  #188-D: enumerated type mixed with another type
  HAL_GPIO_WritePin(
NHBTN1_GPIO_Port, 
NHBTN1_Pin, 1);
../Core/Src/main.c(200): warning:  #188-D: enumerated type mixed with another type
  			SSD1306_Puts (tampil, &Font_11x18, 1);
../Core/Src/main.c(211): warning:  #188-D: enumerated type mixed with another type
  			SSD1306_Puts (tampil, &Font_11x18, 1);
../Core/Src/main.c(217): warning:  #188-D: enumerated type mixed with another type
  		HAL_GPIO_WritePin(
IRBTN1_GPIO_Port,
IRBTN1_Pin,0);
../Core/Src/main.c(218): warning:  #188-D: enumerated type mixed with another type
  		HAL_GPIO_WritePin(
IRBTN2_GPIO_Port,
IRBTN2_Pin,0);
../Core/Src/main.c(220): warning:  #188-D: enumerated type mixed with another type
  		HAL_GPIO_WritePin(
IRRELAY_GPIO_Port, 
IRRELAY_Pin, 1);
../Core/Src/main.c(223): warning:  #188-D: enumerated type mixed with another type
  				SSD1306_Puts ("Maju  ", &Font_11x18, 1);
../Core/Src/main.c(229): warning:  #188-D: enumerated type mixed with another type
  			HAL_GPIO_WritePin(
IRBTN1_GPIO_Port,
IRBTN1_Pin,1);
../Core/Src/main.c(230): warning:  #188-D: enumerated type mixed with another type
  			HAL_GPIO_WritePin(
IRBTN2_GPIO_Port,
IRBTN2_Pin,1);
../Core/Src/main.c(232): warning:  #188-D: enumerated type mixed with another type
  			HAL_GPIO_WritePin(
IRRELAY_GPIO_Port, 
IRRELAY_Pin, 0);
../Core/Src/main.c(234): warning:  #188-D: enumerated type mixed with another type
  			SSD1306_Puts ("Mundur", &Font_11x18, 1);
../Core/Src/main.c(144): warning:  #177-D: variable "snum"  was declared but never referenced
    char snum[5];
../Core/Src/main.c(165): warning:  #177-D: variable "value"  was declared but never referenced
  	int value = 0;
../Core/Src/main.c: 16 warnings, 0 errors
linking...
Program Size: Code=8364 RO-data=3712 RW-data=36 ZI-data=2884  
FromELF: creating hex file...
"BTN_CHECKER\BTN_CHECKER.axf" - 0 Error(s), 16 Warning(s).

<h2>Software Packages used:</h2>

Package Vendor: ARM
                http://www.keil.com/pack/ARM.CMSIS.5.9.0.pack
                ARM::CMSIS:CORE:5.6.0
                CMSIS (Common Microcontroller Software Interface Standard)
   * Component: CORE Version: 5.6.0

<h2>Collection of Component include folders:</h2>
  C:\Users\Lenovo\Documents\Kuliah\KRI\BTN_CHECKER\MDK-ARM\RTE\_BTN_CHECKER
  C:\Keil_v5\ARM\PACK\ARM\CMSIS\5.9.0\CMSIS\Core\Include
  C:\Keil_v5\ARM\PACK\Keil\STM32F1xx_DFP\2.4.0\Device\Include

<h2>Collection of Component Files used:</h2>

   * Component: ARM::CMSIS:CORE:5.6.0
      Include file:  CMSIS\Core\Include\tz_context.h
Build Time Elapsed:  00:00:01
</pre>
</body>
</html>
